// Jest Snapshot v1, https://goo.gl/fbAQLP

exports[`Dragon Component renders correctly 1`] = `
.c1 {
  display: grid;
  padding: 30px 0;
  place-items: center;
}

.c0 {
  display: -webkit-box;
  display: -webkit-flex;
  display: -ms-flexbox;
  display: flex;
  -webkit-flex-direction: column;
  -ms-flex-direction: column;
  flex-direction: column;
  padding: 15px 20px;
}

.c2.c2 {
  color: #000;
}

<div
  class="c0"
>
  <h4
    class="MuiTypography-root MuiTypography-h4"
  >
    Dragons
  </h4>
  <div
    class="c1"
  >
    <div
      class="MuiCircularProgress-root c2 MuiCircularProgress-colorPrimary MuiCircularProgress-indeterminate"
      role="progressbar"
      style="width: 40px; height: 40px;"
    >
      <svg
        class="MuiCircularProgress-svg"
        viewBox="22 22 44 44"
      >
        <circle
          class="MuiCircularProgress-circle MuiCircularProgress-circleIndeterminate"
          cx="44"
          cy="44"
          fill="none"
          r="20.2"
          stroke-width="3.6"
        />
      </svg>
    </div>
  </div>
</div>
`;
