// Jest Snapshot v1, https://goo.gl/fbAQLP

exports[`RocketItem Component renders correctly 1`] = `
.c0 {
  display: grid;
  grid-column-gap: 10px;
  grid-template-columns: repeat(5,1fr);
  grid-template-rows: repeat(2,1fr);
  padding: 15px;
  width: 100%;
}

.c1 {
  grid-area: 1 / 1 / 3 / 3;
}

.c1 img {
  width: 100%;
}

.c2 {
  grid-area: 1 / 3 / 3 / 6;
}

<a
  href="/rockets/falcon1"
>
  <li
    class="c0"
    data-testid="rocket"
  >
    <div
      class="c1"
    >
      <img
        alt="Falcon 1"
        src="https://imgur.com/DaCfMsj.jpg"
      />
    </div>
    <div
      class="c2"
    >
      <h2>
        Falcon 1
      </h2>
      <p>
        The Falcon 1 was an expendable launch system privately developed and manufactured by SpaceX during 2006-2009. On 28 September 2008, Falcon 1 became the first privately-developed liquid-fuel launch vehicle to go into orbit around the Earth.
      </p>
      <p>
        Learn more...
      </p>
    </div>
  </li>
</a>
`;
